(A) F_{-1} = p/((u1+1)(u2+1))[F_0-(s+1)T F_0-2T^2 F_0'+(s+1)int_0^T F_0]
    T^0..T^10 all match: False

  sanity: log(F_P|_{u3=-1}) == (log F_P)|_{u3=-1} ? True

(B) Lambda_{n,n-1} = (1/2)d^2_{u3}Xi_n|0 - d_{u3}X0_n|0 + X^{(-1)}_n|_{u3=0}
    n=1: True
    n=2: True
    n=3: True
    n=4: True
    n=5: True
    n=6: True
    n=7: True
    n=8: True
    n=9: True
    n=10: True
    ==> VERIFIED

(B') consistency: Lambda_{n,n+1}=Xi_n|_{u3=0} ; Lambda_{n,n} = -d_{u3}Xi_n|0 + X0_n|_{u3=0}
    n=1: True True
    n=2: True True
    n=3: True True
    n=4: True True
    n=5: True True
    n=6: True True
